// Jest Snapshot v1, https://goo.gl/fbAQLP

exports[`Home page should render correctly 1`] = `
<div
  className="homepage"
>
  <h2>
    Welcome to our page!
  </h2>
  <p>
    This is a simple basic calculator with  functions similar to a small handheld calculator. Use this basic calculator for math with addition, subtraction, division and multiplication.
  </p>
</div>
`;
